// Jest Snapshot v1, https://goo.gl/fbAQLP

exports[`br-item has the expected html structure 1`] = `
<div
  class="item-wrapper"
>
  <div
    class="br-item align-items-center py-4"
  >
    <!--v-if-->
    <span>
      
      
    </span>
  </div>
  <span
    style="display: none;"
  >
    
    
  </span>
</div>
`;

exports[`br-item insert item into list 1`] = `
<div
  class="br-list"
  data-toggle="true"
  data-unique="true"
  density="large"
  role="list"
>
  <!--v-if-->
  <!--v-if-->
  
  <div
    class="item-wrapper"
  >
    <div
      class="br-item align-items-center"
      role="listitem"
    >
      <div
        class="content"
      >
        <div
          class="flex-fill"
        >
          Item 1 
          
          
        </div>
        <br-button-stub
          active="false"
          block="false"
          circle="true"
          class="ml-1"
          data-toggle="collapse"
          density="small"
          disabled="false"
          icon="chevron-down"
          inverted="false"
          loading="false"
          type="tertiary"
        />
      </div>
      <!--v-if-->
    </div>
    <span
      style="display: none;"
    >
      
      <div
        class="br-list"
        data-toggle="false"
        data-unique="false"
        density="large"
        role="list"
      >
        <!--v-if-->
        <!--v-if-->
        
        <div
          class="item-wrapper"
        >
          <div
            class="br-item align-items-center"
          >
            <!--v-if-->
            <span>
              
              Subitem 1.1
              
            </span>
          </div>
          <span
            style="display: none;"
          >
            
            Subitem 1.1
            
          </span>
        </div>
        <div
          class="item-wrapper"
        >
          <div
            class="br-item align-items-center"
          >
            <!--v-if-->
            <span>
              
              Subitem 1.2
              
            </span>
          </div>
          <span
            style="display: none;"
          >
            
            Subitem 1.2
            
          </span>
        </div>
        <div
          class="item-wrapper"
        >
          <div
            class="br-item align-items-center"
          >
            <!--v-if-->
            <span>
              
              Subitem 1.3
              
            </span>
          </div>
          <span
            style="display: none;"
          >
            
            Subitem 1.3
            
          </span>
        </div>
        
      </div>
      
    </span>
  </div>
  <span
    class="br-divider"
  />
  <div
    class="item-wrapper"
  >
    <div
      class="br-item align-items-center"
      role="listitem"
    >
      <div
        class="content"
      >
        <div
          class="flex-fill"
        >
          Item 2 
          
          
        </div>
        <br-button-stub
          active="false"
          block="false"
          circle="true"
          class="ml-1"
          data-toggle="collapse"
          density="small"
          disabled="false"
          icon="chevron-down"
          inverted="false"
          loading="false"
          type="tertiary"
        />
      </div>
      <!--v-if-->
    </div>
    <span
      style="display: none;"
    >
      
      <div
        class="br-list"
        data-toggle="false"
        data-unique="false"
        density="large"
        role="list"
      >
        <!--v-if-->
        <!--v-if-->
        
        <div
          class="item-wrapper"
        >
          <div
            class="br-item align-items-center"
          >
            <!--v-if-->
            <span>
              
              Detalhes do item 2
              
            </span>
          </div>
          <span
            style="display: none;"
          >
            
            Detalhes do item 2
            
          </span>
        </div>
        
      </div>
      
    </span>
  </div>
  
</div>
`;
