// Jest Snapshot v1, https://goo.gl/fbAQLP

exports[`Scrim autofocusContent false should not set focus on content on mount 1`] = `
<div
  aria-expanded="true"
  class="br-scrim foco active"
  data-visible="true"
  show="true"
>
  <div
    class=""
    tabindex="-1"
  >
    
    <div
      id="content"
    >
      Scrim Content
    </div>
    
  </div>
</div>
`;
